../Core/Src/main.c:82:5:main	8	static,ignoring_inline_asm
../Core/Src/main.c:127:6:SystemClock_Config	88	static
../Core/Src/main.c:169:13:MX_USART2_UART_Init	8	static
../Core/Src/main.c:202:13:MX_GPIO_Init	40	static
../Core/Src/main.c:233:6:HAL_UART_RxCpltCallback	24	static
../Core/Src/main.c:285:6:Set_All_LEDs	24	static
../Core/Src/main.c:297:6:Set_LEDs	24	static
../Core/Src/main.c:310:6:Send_LED_Status	16	static
../Core/Src/main.c:327:6:Send_Response	24	static
../Core/Src/main.c:342:6:Error_Handler	4	static,ignoring_inline_asm
