../Core/Src/main.c:86:6:send_telemetry	8	static
../Core/Src/main.c:94:7:calculate_pid	32	static
../Core/Src/main.c:107:6:HAL_TIM_PeriodElapsedCallback	16	static
../Core/Src/main.c:132:5:main	8	static
../Core/Src/main.c:183:6:SystemClock_Config	88	static
../Core/Src/main.c:230:13:MX_ADC1_Init	24	static
../Core/Src/main.c:291:13:MX_TIM2_Init	64	static
../Core/Src/main.c:350:13:MX_TIM6_Init	16	static
../Core/Src/main.c:388:13:MX_USART2_UART_Init	8	static
../Core/Src/main.c:419:13:MX_DMA_Init	16	static
../Core/Src/main.c:437:13:MX_GPIO_Init	48	static
../Core/Src/main.c:467:6:Error_Handler	4	static,ignoring_inline_asm
