../Core/Src/main.c:86:6:send_telemetry	1
../Core/Src/main.c:94:7:calculate_pid	2
../Core/Src/main.c:107:6:HAL_TIM_PeriodElapsedCallback	3
../Core/Src/main.c:132:5:main	1
../Core/Src/main.c:183:6:SystemClock_Config	3
../Core/Src/main.c:230:13:MX_ADC1_Init	4
../Core/Src/main.c:291:13:MX_TIM2_Init	6
../Core/Src/main.c:350:13:MX_TIM6_Init	3
../Core/Src/main.c:388:13:MX_USART2_UART_Init	2
../Core/Src/main.c:419:13:MX_DMA_Init	1
../Core/Src/main.c:437:13:MX_GPIO_Init	1
../Core/Src/main.c:467:6:Error_Handler	1
