../Core/Src/main.c:86:6:send_telemetry	1
../Core/Src/main.c:94:7:calculate_pid	1
../Core/Src/main.c:104:6:HAL_TIM_PeriodElapsedCallback	5
../Core/Src/main.c:134:5:main	1
../Core/Src/main.c:185:6:SystemClock_Config	3
../Core/Src/main.c:232:13:MX_ADC1_Init	4
../Core/Src/main.c:293:13:MX_TIM2_Init	6
../Core/Src/main.c:352:13:MX_TIM6_Init	3
../Core/Src/main.c:390:13:MX_USART2_UART_Init	2
../Core/Src/main.c:421:13:MX_DMA_Init	1
../Core/Src/main.c:439:13:MX_GPIO_Init	1
../Core/Src/main.c:469:6:Error_Handler	1
