../Core/Src/main.c:55:5:main	16	static
../Core/Src/main.c:100:6:HAL_TIM_PeriodElapsedCallback	24	static
../Core/Src/main.c:116:6:HAL_UART_RxCpltCallback	16	static
../Core/Src/main.c:137:6:Process_UART_Command	136	static
../Core/Src/main.c:191:6:SystemClock_Config	88	static
../Core/Src/main.c:239:13:MX_DAC_Init	16	static
../Core/Src/main.c:279:13:MX_TIM6_Init	16	static
../Core/Src/main.c:317:13:MX_USART2_UART_Init	8	static
../Core/Src/main.c:350:13:MX_GPIO_Init	24	static
../Core/Src/main.c:368:6:Error_Handler	4	static,ignoring_inline_asm
