../Core/Src/main.c:61:5:main	16	static
../Core/Src/main.c:98:6:HAL_UART_RxCpltCallback	16	static
../Core/Src/main.c:121:6:ParseUARTMessage	96	static,ignoring_inline_asm
../Core/Src/main.c:158:6:UpdateTimerFrequency	24	static
../Core/Src/main.c:190:6:HAL_TIM_PeriodElapsedCallback	24	static
../Core/Src/main.c:212:6:SystemClock_Config	88	static
../Core/Src/main.c:251:13:MX_DAC_Init	16	static
../Core/Src/main.c:271:13:MX_TIM6_Init	16	static
../Core/Src/main.c:293:13:MX_USART2_UART_Init	8	static
../Core/Src/main.c:310:13:MX_GPIO_Init	24	static
../Core/Src/main.c:322:6:Error_Handler	4	static,ignoring_inline_asm
