../Core/Src/main.c:56:6:generate_sine_wave	1
../Core/Src/main.c:65:6:HAL_TIM_PeriodElapsedCallback	2
../Core/Src/main.c:74:6:transmit_data	1
../Core/Src/main.c:90:5:main	1
../Core/Src/main.c:141:6:SystemClock_Config	3
../Core/Src/main.c:189:13:MX_ADC1_Init	3
../Core/Src/main.c:241:13:MX_DAC_Init	3
../Core/Src/main.c:281:13:MX_TIM6_Init	3
../Core/Src/main.c:318:13:MX_USART2_UART_Init	2
../Core/Src/main.c:349:13:MX_DMA_Init	1
../Core/Src/main.c:367:13:MX_GPIO_Init	1
../Core/Src/main.c:389:6:Error_Handler	1
