../Core/Src/main.c:56:6:generate_sine_wave	24	static
../Core/Src/main.c:65:6:HAL_TIM_PeriodElapsedCallback	16	static
../Core/Src/main.c:74:6:transmit_data	16	static
../Core/Src/main.c:90:5:main	8	static
../Core/Src/main.c:141:6:SystemClock_Config	88	static
../Core/Src/main.c:189:13:MX_ADC1_Init	24	static
../Core/Src/main.c:241:13:MX_DAC_Init	16	static
../Core/Src/main.c:281:13:MX_TIM6_Init	16	static
../Core/Src/main.c:318:13:MX_USART2_UART_Init	8	static
../Core/Src/main.c:349:13:MX_DMA_Init	16	static
../Core/Src/main.c:367:13:MX_GPIO_Init	24	static
../Core/Src/main.c:389:6:Error_Handler	4	static,ignoring_inline_asm
